#
# There is insufficient memory for the Java Runtime Environment to continue.
# Native memory allocation (malloc) failed to allocate 1048576 bytes. Error detail: AllocateHeap
# Possible reasons:
#   The system is out of physical RAM or swap space
#   This process is running with CompressedOops enabled, and the Java Heap may be blocking the growth of the native heap
# Possible solutions:
#   Reduce memory load on the system
#   Increase physical memory or swap space
#   Check if swap backing store is full
#   Decrease Java heap size (-Xmx/-Xms)
#   Decrease number of Java threads
#   Decrease Java thread stack sizes (-Xss)
#   Set larger code cache with -XX:ReservedCodeCacheSize=
#   JVM is running with Unscaled Compressed Oops mode in which the Java heap is
#     placed in the first 4GB address space. The Java Heap base address is the
#     maximum limit for the native heap growth. Please use -XX:HeapBaseMinAddress
#     to set the Java Heap base and to place the Java Heap above 4GB virtual address.
# This output file may be truncated or incomplete.
#
#  Out of Memory Error (allocation.cpp:44), pid=22300, tid=13820
#
# JRE version:  (21.0.11+10) (build )
# Java VM: OpenJDK 64-Bit Server VM (21.0.11+10-LTS, mixed mode, sharing, tiered, compressed oops, compressed class ptrs, parallel gc, windows-amd64)
# No core dump will be written. Minidumps are not enabled by default on client versions of Windows
#

---------------  S U M M A R Y ------------

Command Line: --add-modules=ALL-SYSTEM --add-opens=java.base/java.util=ALL-UNNAMED --add-opens=java.base/java.lang=ALL-UNNAMED --add-opens=java.base/sun.nio.fs=ALL-UNNAMED -Declipse.application=org.eclipse.jdt.ls.core.id1 -Dosgi.bundles.defaultStartLevel=4 -Declipse.product=org.eclipse.jdt.ls.core.product -Djava.import.generatesMetadataFilesAtProjectRoot=false -DDetectVMInstallationsJob.disabled=true -Dfile.encoding=utf8 -XX:+UseParallelGC -XX:GCTimeRatio=4 -XX:AdaptiveSizePolicyWeight=90 -Dsun.zip.disableMemoryMapping=true -Xmx2G -Xms100m -Xlog:disable -javaagent:c:\Users\H P\.vscode\extensions\redhat.java-1.55.0-win32-x64\lombok\lombok-1.18.39-4050.jar c:\Users\H P\.vscode\extensions\redhat.java-1.55.0-win32-x64\server\plugins\org.eclipse.equinox.launcher_1.7.200.v20260619-2039.jar -configuration c:\Users\H P\AppData\Roaming\Code\User\globalStorage\redhat.java\1.55.0\config_ss_win -data c:\Users\H P\AppData\Roaming\Code\User\workspaceStorage\3b219fb1d8839cfc1eae312a105af4cc\redhat.java\ss_ws --pipe=\\.\pipe\lsp-09164b05c0144c6a98bc4f3ed08afa22-sock

Host: Intel(R) Core(TM) i5-8265U CPU @ 1.60GHz, 8 cores, 15G,  Windows 11 , 64 bit Build 26100 (10.0.26100.7920)
Time: Thu Jul  2 00:23:04 2026 India Standard Time elapsed time: 0.659303 seconds (0d 0h 0m 0s)

---------------  T H R E A D  ---------------

Current thread (0x000002c46e3b19e0):  JavaThread "Unknown thread" [_thread_in_vm, id=13820, stack(0x000000f5b7800000,0x000000f5b7900000) (1024K)]

Stack: [0x000000f5b7800000,0x000000f5b7900000]
Native frames: (J=compiled Java code, j=interpreted, Vv=VM code, C=native code)
V  [jvm.dll+0x6d7e19]
V  [jvm.dll+0x8b5096]
V  [jvm.dll+0x8b764e]
V  [jvm.dll+0x8b7d33]
V  [jvm.dll+0x284596]
V  [jvm.dll+0xc13c7]
V  [jvm.dll+0x71554d]
V  [jvm.dll+0x715c0c]
V  [jvm.dll+0x6e69b8]
V  [jvm.dll+0x87f6ec]
V  [jvm.dll+0x3c4b2c]
V  [jvm.dll+0x8683db]
V  [jvm.dll+0x457c41]
V  [jvm.dll+0x459831]
C  [jli.dll+0x52dc]
C  [ucrtbase.dll+0x37b0]
C  [KERNEL32.DLL+0x2e8d7]
C  [ntdll.dll+0x8c48c]


---------------  P R O C E S S  ---------------

Threads class SMR info:
_java_thread_list=0x000002c4786ad240, length=1, elements={
0x000002c46e3b19e0
}

Java Threads: ( => current thread )
=>0x000002c46e3b19e0 JavaThread "Unknown thread"             [_thread_in_vm, id=13820, stack(0x000000f5b7800000,0x000000f5b7900000) (1024K)]
Total: 1

Other Threads:
  0x000002c4786ada20 WatcherThread "VM Periodic Task Thread"        [id=24196, stack(0x000000f5b7a00000,0x000000f5b7b00000) (1024K)]
  0x000002c4706d8b80 WorkerThread "GC Thread#0"                     [id=20072, stack(0x000000f5b7900000,0x000000f5b7a00000) (1024K)]
Total: 2

Threads with active compile tasks:
Total: 0

VM state: not at safepoint (normal execution)

VM Mutex/Monitor currently owned by a thread: None

Heap address: 0x0000000080000000, size: 2048 MB, Compressed Oops mode: 32-bit

CDS archive(s) mapped at: [0x000002c40f000000-0x000002c40fba0000-0x000002c40fba0000), size 12189696, SharedBaseAddress: 0x000002c40f000000, ArchiveRelocationMode: 1.
Compressed class space mapped at: 0x000002c410000000-0x000002c450000000, reserved size: 1073741824
Narrow klass base: 0x000002c40f000000, Narrow klass shift: 0, Narrow klass range: 0x100000000

GC Precious Log:
 CardTable entry size: 512
 CPUs: 8 total, 8 available
 Memory: 16271M
 Large Page Support: Disabled
 NUMA Support: Disabled
 Compressed Oops: Enabled (32-bit)
 Alignments: Space 512K, Generation 512K, Heap 2M
 Heap Min Capacity: 100M
 Heap Initial Capacity: 100M
 Heap Max Capacity: 2G
 Pre-touch: Disabled
 Parallel Workers: 8

Heap:
 PSYoungGen      total 29696K, used 512K [0x00000000d5580000, 0x00000000d7680000, 0x0000000100000000)
  eden space 25600K, 2% used [0x00000000d5580000,0x00000000d5600020,0x00000000d6e80000)
  from space 4096K, 0% used [0x00000000d7280000,0x00000000d7280000,0x00000000d7680000)
  to   space 4096K, 0% used [0x00000000d6e80000,0x00000000d6e80000,0x00000000d7280000)
 ParOldGen       total 68608K, used 0K [0x0000000080000000, 0x0000000084300000, 0x00000000d5580000)
  object space 68608K, 0% used [0x0000000080000000,0x0000000080000000,0x0000000084300000)
 Metaspace       used 0K, committed 0K, reserved 1048576K
  class space    used 0K, committed 0K, reserved 1048576K

Card table byte_map: [0x000002c473ad0000,0x000002c473ee0000] _byte_map_base: 0x000002c4736d0000

Marking Bits: (ParMarkBitMap*) 0x00007ffcfaa24460
 Begin Bits: [0x000002c474190000, 0x000002c476190000)
 End Bits:   [0x000002c476190000, 0x000002c478190000)

Polling page: 0x000002c46e770000

Metaspace:

Usage:
  Non-class:      0 bytes used.
      Class:      0 bytes used.
       Both:      0 bytes used.

Virtual space:
  Non-class space:        0 bytes reserved,       0 bytes (  ?%) committed,  0 nodes.
      Class space:        1.00 GB reserved,       0 bytes (  0%) committed,  1 nodes.
             Both:        1.00 GB reserved,       0 bytes (  0%) committed. 

Chunk freelists:
   Non-Class:  0 bytes
       Class:  16.00 MB
        Both:  16.00 MB

MaxMetaspaceSize: unlimited
CompressedClassSpaceSize: 1.00 GB
Initial GC threshold: 21.00 MB
Current GC threshold: 17179869184.00 GB
CDS: on
 - commit_granule_bytes: 65536.
 - commit_granule_words: 8192.
 - virtual_space_node_default_size: 8388608.
 - enlarge_chunks_in_place: 1.
 - use_allocation_guard: 0.


Internal statistics:

num_allocs_failed_limit: 0.
num_arena_births: 0.
num_arena_deaths: 0.
num_vsnodes_births: 1.
num_vsnodes_deaths: 0.
num_space_committed: 0.
num_space_uncommitted: 0.
num_chunks_returned_to_freelist: 0.
num_chunks_taken_from_freelist: 1.
num_chunk_merges: 0.
num_chunk_splits: 1.
num_chunks_enlarged: 0.
num_inconsistent_stats: 0.

CodeHeap 'non-profiled nmethods': size=120000Kb used=0Kb max_used=0Kb free=120000Kb
 bounds [0x000002c407ad0000, 0x000002c407d40000, 0x000002c40f000000]
CodeHeap 'profiled nmethods': size=120000Kb used=0Kb max_used=0Kb free=120000Kb
 bounds [0x000002c400000000, 0x000002c400270000, 0x000002c407530000]
CodeHeap 'non-nmethods': size=5760Kb used=194Kb max_used=342Kb free=5565Kb
 bounds [0x000002c407530000, 0x000002c4077a0000, 0x000002c407ad0000]
CodeCache: size=245760Kb, used=194Kb, max_used=342Kb, free=245565Kb
 total_blobs=70, nmethods=0, adapters=48, full_count=0
Compilation: enabled, stopped_count=0, restarted_count=0

Compilation events (0 events):
No events

GC Heap History (0 events):
No events

Dll operation events (1 events):
Event: 0.175 Loaded shared library c:\Users\H P\.vscode\extensions\redhat.java-1.55.0-win32-x64\jre\21.0.11-win32-x86_64\bin\java.dll

Deoptimization events (0 events):
No events

Classes loaded (0 events):
No events

Classes unloaded (0 events):
No events

Classes redefined (0 events):
No events

Internal exceptions (0 events):
No events

ZGC Phase Switch (0 events):
No events

VM Operations (0 events):
No events

Memory protections (0 events):
No events

Nmethod flushes (0 events):
No events

Events (1 events):
Event: 0.265 Thread 0x000002c46e3b19e0 Thread added: 0x000002c46e3b19e0


Dynamic libraries:
0x00007ff6b0980000 - 0x00007ff6b098e000 	c:\Users\H P\.vscode\extensions\redhat.java-1.55.0-win32-x64\jre\21.0.11-win32-x86_64\bin\java.exe
0x00007ffd9b5a0000 - 0x00007ffd9b807000 	C:\WINDOWS\SYSTEM32\ntdll.dll
0x00007ffd9b120000 - 0x00007ffd9b1e9000 	C:\WINDOWS\System32\KERNEL32.DLL
0x00007ffd97e80000 - 0x00007ffd98271000 	C:\WINDOWS\System32\KERNELBASE.dll
0x00007ffd95040000 - 0x00007ffd950df000 	C:\WINDOWS\SYSTEM32\apphelp.dll
0x00007ffd991f0000 - 0x00007ffd9933b000 	C:\WINDOWS\System32\ucrtbase.dll
0x00007ffd912f0000 - 0x00007ffd91308000 	c:\Users\H P\.vscode\extensions\redhat.java-1.55.0-win32-x64\jre\21.0.11-win32-x86_64\bin\jli.dll
0x00007ffd9ad30000 - 0x00007ffd9aef5000 	C:\WINDOWS\System32\USER32.dll
0x00007ffd984f0000 - 0x00007ffd98517000 	C:\WINDOWS\System32\win32u.dll
0x00007ffd99ef0000 - 0x00007ffd99f1b000 	C:\WINDOWS\System32\GDI32.dll
0x00007ffd983c0000 - 0x00007ffd984eb000 	C:\WINDOWS\System32\gdi32full.dll
0x00007ffd98fc0000 - 0x00007ffd99063000 	C:\WINDOWS\System32\msvcp_win.dll
0x00007ffd89400000 - 0x00007ffd8941e000 	c:\Users\H P\.vscode\extensions\redhat.java-1.55.0-win32-x64\jre\21.0.11-win32-x86_64\bin\VCRUNTIME140.dll
0x00007ffd7cb10000 - 0x00007ffd7cda3000 	C:\WINDOWS\WinSxS\amd64_microsoft.windows.common-controls_6595b64144ccf1df_6.0.26100.8037_none_3e092faae333b53b\COMCTL32.dll
0x00007ffd9a7c0000 - 0x00007ffd9a869000 	C:\WINDOWS\System32\msvcrt.dll
0x00007ffd9b510000 - 0x00007ffd9b541000 	C:\WINDOWS\System32\IMM32.DLL
0x00007ffd6f250000 - 0x00007ffd6f531000 	C:\Windows\pcdrm\NSCCOR0364.DLL
0x00007ffd9ac70000 - 0x00007ffd9ad2b000 	C:\WINDOWS\System32\ADVAPI32.dll
0x00007ffd9b390000 - 0x00007ffd9b437000 	C:\WINDOWS\System32\sechost.dll
0x00007ffd9a9c0000 - 0x00007ffd9aad8000 	C:\WINDOWS\System32\RPCRT4.dll
0x00007ffd9b1f0000 - 0x00007ffd9b385000 	C:\WINDOWS\System32\ole32.dll
0x00007ffd993a0000 - 0x00007ffd99722000 	C:\WINDOWS\System32\combase.dll
0x00007ffd9b550000 - 0x00007ffd9b558000 	C:\WINDOWS\System32\psapi.dll
0x00007ffd96d10000 - 0x00007ffd96d46000 	C:\WINDOWS\SYSTEM32\ntmarta.dll
0x00007ffd6f210000 - 0x00007ffd6f242000 	C:\WINDOWS\pcdrm\NBID64.dll
0x00007ffd9a870000 - 0x00007ffd9a947000 	C:\WINDOWS\System32\OLEAUT32.dll
0x00007ffd6ede0000 - 0x00007ffd6ee19000 	C:\WINDOWS\pcdrm\NFD0164.dll
0x00007ffd907b0000 - 0x00007ffd907bb000 	C:\WINDOWS\SYSTEM32\VERSION.dll
0x00007ffd71ef0000 - 0x00007ffd71fe2000 	C:\Program Files\Windhawk\Engine\1.7.3\64\windhawk.dll
0x00007ffd92f00000 - 0x00007ffd92f0c000 	c:\Users\H P\.vscode\extensions\redhat.java-1.55.0-win32-x64\jre\21.0.11-win32-x86_64\bin\vcruntime140_1.dll
0x00007ffd85de0000 - 0x00007ffd85e6d000 	c:\Users\H P\.vscode\extensions\redhat.java-1.55.0-win32-x64\jre\21.0.11-win32-x86_64\bin\msvcp140.dll
0x00007ffcf9d60000 - 0x00007ffcfab02000 	c:\Users\H P\.vscode\extensions\redhat.java-1.55.0-win32-x64\jre\21.0.11-win32-x86_64\bin\server\jvm.dll
0x000002c470280000 - 0x000002c4702f4000 	C:\WINDOWS\System32\WS2_32.dll
0x00007ffd97ce0000 - 0x00007ffd97d3e000 	C:\WINDOWS\SYSTEM32\POWRPROF.dll
0x00007ffd80c60000 - 0x00007ffd80c95000 	C:\WINDOWS\SYSTEM32\WINMM.dll
0x00007ffd97cc0000 - 0x00007ffd97cd4000 	C:\WINDOWS\SYSTEM32\UMPDC.dll
0x00007ffd96be0000 - 0x00007ffd96bfb000 	C:\WINDOWS\SYSTEM32\kernel.appcore.dll
0x00007ffd91320000 - 0x00007ffd9132a000 	c:\Users\H P\.vscode\extensions\redhat.java-1.55.0-win32-x64\jre\21.0.11-win32-x86_64\bin\jimage.dll
0x00007ffd95d50000 - 0x00007ffd95f92000 	C:\WINDOWS\SYSTEM32\DBGHELP.DLL
0x00007ffd766c0000 - 0x00007ffd766fb000 	C:\WINDOWS\SYSTEM32\dbgcore.DLL
0x000002c470550000 - 0x000002c4705f5000 	C:\WINDOWS\System32\bcryptPrimitives.dll
0x00007ffd91310000 - 0x00007ffd9131f000 	c:\Users\H P\.vscode\extensions\redhat.java-1.55.0-win32-x64\jre\21.0.11-win32-x86_64\bin\instrument.dll
0x00007ffd8b2e0000 - 0x00007ffd8b300000 	c:\Users\H P\.vscode\extensions\redhat.java-1.55.0-win32-x64\jre\21.0.11-win32-x86_64\bin\java.dll

JVMTI agents:
c:\Users\H P\.vscode\extensions\redhat.java-1.55.0-win32-x64\lombok\lombok-1.18.39-4050.jar path:none, loaded, not initialized, instrumentlib options:none

dbghelp: loaded successfully - version: 4.0.5 - missing functions: none
symbol engine: initialized successfully - sym options: 0x614 - pdb path: .;c:\Users\H P\.vscode\extensions\redhat.java-1.55.0-win32-x64\jre\21.0.11-win32-x86_64\bin;C:\WINDOWS\SYSTEM32;C:\WINDOWS\WinSxS\amd64_microsoft.windows.common-controls_6595b64144ccf1df_6.0.26100.8037_none_3e092faae333b53b;C:\Windows\pcdrm;C:\Program Files\Windhawk\Engine\1.7.3\64;c:\Users\H P\.vscode\extensions\redhat.java-1.55.0-win32-x64\jre\21.0.11-win32-x86_64\bin\server

VM Arguments:
jvm_args: --add-modules=ALL-SYSTEM --add-opens=java.base/java.util=ALL-UNNAMED --add-opens=java.base/java.lang=ALL-UNNAMED --add-opens=java.base/sun.nio.fs=ALL-UNNAMED -Declipse.application=org.eclipse.jdt.ls.core.id1 -Dosgi.bundles.defaultStartLevel=4 -Declipse.product=org.eclipse.jdt.ls.core.product -Djava.import.generatesMetadataFilesAtProjectRoot=false -DDetectVMInstallationsJob.disabled=true -Dfile.encoding=utf8 -XX:+UseParallelGC -XX:GCTimeRatio=4 -XX:AdaptiveSizePolicyWeight=90 -Dsun.zip.disableMemoryMapping=true -Xmx2G -Xms100m -Xlog:disable -javaagent:c:\Users\H P\.vscode\extensions\redhat.java-1.55.0-win32-x64\lombok\lombok-1.18.39-4050.jar 
java_command: c:\Users\H P\.vscode\extensions\redhat.java-1.55.0-win32-x64\server\plugins\org.eclipse.equinox.launcher_1.7.200.v20260619-2039.jar -configuration c:\Users\H P\AppData\Roaming\Code\User\globalStorage\redhat.java\1.55.0\config_ss_win -data c:\Users\H P\AppData\Roaming\Code\User\workspaceStorage\3b219fb1d8839cfc1eae312a105af4cc\redhat.java\ss_ws --pipe=\\.\pipe\lsp-09164b05c0144c6a98bc4f3ed08afa22-sock
java_class_path (initial): c:\Users\H P\.vscode\extensions\redhat.java-1.55.0-win32-x64\server\plugins\org.eclipse.equinox.launcher_1.7.200.v20260619-2039.jar
Launcher Type: SUN_STANDARD

[Global flags]
    uintx AdaptiveSizePolicyWeight                 = 90                                        {product} {command line}
     intx CICompilerCount                          = 4                                         {product} {ergonomic}
    uintx GCTimeRatio                              = 4                                         {product} {command line}
   size_t InitialHeapSize                          = 104857600                                 {product} {command line}
   size_t MaxHeapSize                              = 2147483648                                {product} {command line}
   size_t MaxNewSize                               = 715653120                                 {product} {ergonomic}
   size_t MinHeapDeltaBytes                        = 524288                                    {product} {ergonomic}
   size_t MinHeapSize                              = 104857600                                 {product} {command line}
   size_t NewSize                                  = 34603008                                  {product} {ergonomic}
    uintx NonNMethodCodeHeapSize                   = 5839372                                {pd product} {ergonomic}
    uintx NonProfiledCodeHeapSize                  = 122909434                              {pd product} {ergonomic}
   size_t OldSize                                  = 70254592                                  {product} {ergonomic}
    uintx ProfiledCodeHeapSize                     = 122909434                              {pd product} {ergonomic}
    uintx ReservedCodeCacheSize                    = 251658240                              {pd product} {ergonomic}
     bool SegmentedCodeCache                       = true                                      {product} {ergonomic}
   size_t SoftMaxHeapSize                          = 2147483648                             {manageable} {ergonomic}
     bool UseCompressedOops                        = true                           {product lp64_product} {ergonomic}
     bool UseLargePagesIndividualAllocation        = false                                  {pd product} {ergonomic}
     bool UseParallelGC                            = true                                      {product} {command line}

Logging:
Log output configuration:
 #0: stdout all=off uptime,level,tags foldmultilines=false
 #1: stderr all=off uptime,level,tags foldmultilines=false

Release file:
<release file has not been read>
Environment Variables:
JAVA_HOME=C:\Program Files\Java\jdk-25
PATH=C:\Python314\Scripts\;C:\Python314\;C:\Program Files\Common Files\Oracle\Java\javapath;C:\WINDOWS\system32;C:\WINDOWS;C:\WINDOWS\System32\Wbem;C:\WINDOWS\System32\WindowsPowerShell\v1.0\;C:\WINDOWS\System32\OpenSSH\;C:\Program Files\MySQL\MySQL Server 8.0\bin;C:\Program Files\Docker\Docker\resources\bin;C:\Program Files\Git\cmd;C:\Program Files\nodejs\;C:\ProgramData\chocolatey\bin;C:\Program Files\MySQL\MySQL Shell 8.0\bin\;C:\Users\H P\AppData\Local\Microsoft\WindowsApps;;C:\Program Files\JetBrains\IntelliJ IDEA Community Edition 2025.1.1.1\bin;;C:\Users\H P\AppData\Local\Programs\Microsoft VS Code\bin;C:\Users\H P\AppData\Roaming\npm
USERNAME=H P
OS=Windows_NT
PROCESSOR_IDENTIFIER=Intel64 Family 6 Model 142 Stepping 11, GenuineIntel
TMP=C:\Users\HP12D5~1\AppData\Local\Temp
TEMP=C:\Users\HP12D5~1\AppData\Local\Temp




Periodic native trim disabled

---------------  S Y S T E M  ---------------

OS:
 Windows 11 , 64 bit Build 26100 (10.0.26100.7920)
OS uptime: 2 days 1:45 hours
Hyper-V role detected

CPU: total 8 (initial active 8) (4 cores per cpu, 2 threads per core) family 6 model 142 stepping 11 microcode 0xde, cx8, cmov, fxsr, ht, mmx, 3dnowpref, sse, sse2, sse3, ssse3, sse4.1, sse4.2, popcnt, lzcnt, tsc, tscinvbit, avx, avx2, aes, erms, clmul, bmi1, bmi2, adx, fma, vzeroupper, clflush, clflushopt, hv, rdtscp, f16c
Processor Information for the first 8 processors :
  Max Mhz: 1800, Current Mhz: 1600, Mhz Limit: 1584

Memory: 4k page, system-wide physical 16271M (3945M free)
TotalPageFile size 19128M (AvailPageFile size 34M)
current process WorkingSet (physical memory assigned to process): 32M, peak: 32M
current process commit charge ("private bytes"): 219M, peak: 220M

vm_info: OpenJDK 64-Bit Server VM (21.0.11+10-LTS) for windows-amd64 JRE (21.0.11+10-LTS), built on 2026-04-21T00:00:00Z by "admin" with MS VC++ 17.12 (VS2022)

END.
